Microchip MPLAB XC8 Compiler V2.00 ()

Linker command line:

-W-3 --edf=C:\Program Files (x86)\Microchip\xc8\v2.00\pic\dat\en_msgs.txt \
  -cs -h+dist/default/production\SPI.production.sym \
  --cmf=dist/default/production\SPI.production.cmf -z -Q16F1769 \
  -oC:\Users\nikod\AppData\Local\Temp\s850.2 --defsym=__MPLAB_BUILD=1 \
  -Mdist/default/production/SPI.production.map -E1 -ver=XC8 --acfsm=1493 \
  -ASTACK=02109h-023efh -pstack=STACK -ACODE=00h-07FFhx4 \
  -ASTRCODE=00h-01FFFh -ASTRING=00h-0FFhx32 -ACONST=00h-0FFhx32 \
  -AENTRY=00h-0FFhx32 -ACOMMON=070h-07Fh -ABANK0=020h-06Fh \
  -ABANK1=0A0h-0EFh -ABANK2=0120h-016Fh -ABANK3=01A0h-01EFh \
  -ABANK4=0220h-026Fh -ABANK5=02A0h-02EFh -ABANK6=0320h-036Fh \
  -ABANK7=03A0h-03EFh -ABANK8=0420h-046Fh -ABANK9=04A0h-04EFh \
  -ABANK10=0520h-056Fh -ABANK11=05A0h-05EFh -ABANK12=0620h-064Fh \
  -ABIGRAM=02000h-023EFh \
  -ARAM=020h-06Fh,0A0h-0EFh,0120h-016Fh,01A0h-01EFh,0220h-026Fh,02A0h-02EFh,0320h-036Fh,03A0h-03EFh,0420h-046Fh,04A0h-04EFh,0520h-056Fh,05A0h-05EFh,0620h-064Fh \
  -AABS1=020h-07Fh,0A0h-0EFh,0120h-016Fh,01A0h-01EFh,0220h-026Fh,02A0h-02EFh,0320h-036Fh,03A0h-03EFh,0420h-046Fh,04A0h-04EFh,0520h-056Fh,05A0h-05EFh,0620h-064Fh \
  -ASFR0=00h-01Fh -ASFR1=080h-09Fh -ASFR2=0100h-011Fh -ASFR3=0180h-019Fh \
  -ASFR4=0200h-021Fh -ASFR5=0280h-029Fh -ASFR6=0300h-031Fh \
  -ASFR7=0380h-039Fh -ASFR8=0400h-041Fh -ASFR9=0480h-049Fh \
  -ASFR10=0500h-051Fh -ASFR11=0580h-059Fh -ASFR12=0600h-061Fh \
  -ASFR13=0680h-06EFh -ASFR14=0700h-076Fh -ASFR15=0780h-07EFh \
  -ASFR16=0800h-086Fh -ASFR17=0880h-08EFh -ASFR18=0900h-096Fh \
  -ASFR19=0980h-09EFh -ASFR20=0A00h-0A6Fh -ASFR21=0A80h-0AEFh \
  -ASFR22=0B00h-0B6Fh -ASFR23=0B80h-0BEFh -ASFR24=0C00h-0C6Fh \
  -ASFR25=0C80h-0CEFh -ASFR26=0D00h-0D6Fh -ASFR27=0D80h-0DEFh \
  -ASFR28=0E00h-0E6Fh -ASFR29=0E80h-0EEFh -ASFR30=0F00h-0F6Fh \
  -ASFR31=0F80h-0FEFh -preset_vec=00h,intentry,init,end_init -ppowerup=CODE \
  -pcinit=CODE -pfunctab=ENTRY -ACONFIG=08007h-08008h -pconfig=CONFIG \
  -DCONFIG=2 -AIDLOC=08000h-08003h -pidloc=IDLOC -DIDLOC=2 -DCODE=2 \
  -DSTRCODE=2 -DSTRING=2 -DCONST=2 -DENTRY=2 -k \
  C:\Users\nikod\AppData\Local\Temp\s850.o \
  dist/default/production\SPI.production.o 

Object code version is 3.11

Machine type is 16F1769



                Name                               Link     Load   Length Selector   Space Scale
C:\Users\nikod\AppData\Local\Temp\s850.o
                end_init                              2        2        2        0       0
                reset_vec                             0        0        2        0       0
                config                             8007     8007        2    1000E       0
dist/default/production\SPI.production.o
                cinit                               7D8      7D8       28      FB0       0
                text48                             1458     1458        B     28B0       0
                text47                             15D7     15D7       23     2BAE       0
                text46                             16CD     16CD       2F     2D9A       0
                text45                             147C     147C        F     28F8       0
                text44                             157A     157A       1C     2AF4       0
                text43                             1545     1545       1A     2A8A       0
                text42                             155F     155F       1B     2ABE       0
                text41                             1648     1648       2C     2C90       0
                text40                             15B5     15B5       22     2B6A       0
                text39                              9AF      9AF       6A     135E       0
                text38                              AFD      AFD       7B     15FA       0
                text37                             14AA     14AA       12     2954       0
                text36                             144F     144F        9     289E       0
                text35                             16A0     16A0       2D     2D40       0
                text34                              A19      A19       70     1432       0
                text33                              A89      A89       74     1512       0
                text32                             14BC     14BC       12     2978       0
                text31                              E84      E84      17C     1D08       0
                text30                             1674     1674       2C     2CE8       0
                text29                             1761     1761       35     2EC2       0
                text28                              890      890       56     1120       0
                text27                             149A     149A       10     2934       0
                text26                              802      802       39     1004       0
                text25                              946      946       69     128C       0
                text24                             14E1     14E1       19     29C2       0
                text23                              43E      43E      39A      87C       0
                text22                             14CE     14CE       13     299C       0
                text21                             1463     1463        C     28C6       0
                text20                             148B     148B        F     2916       0
                text19                             1796     1796       35     2F2C       0
                text18                             143E     143E        4     287C       0
                text17                             146F     146F        D     28DE       0
                text16                             14FA     14FA       19     29F4       0
                text15                             15FA     15FA       23     2BF4       0
                text14                                A        A       EA       14       0
                text13                              801      801        1     1002       0
                text12                              83B      83B       55     1076       0
                text11                              C29      C29       E1     1852       0
                text10                             1596     1596       1F     2B2C       0
                text9                              1513     1513       19     2A26       0
                text8                              161D     161D       2B     2C3A       0
                text7                               8E6      8E6       60     11CC       0
                text6                              152C     152C       19     2A58       0
                text5                              172E     172E       33     2E5C       0
                text4                               D0A      D0A      17A     1A14       0
                text3                                F4       F4      34A      1E8       0
                text2                              17CB     17CB       35     2F96       0
                text1                              16FC     16FC       32     2DF8       0
                maintext                            B78      B78       B1     16F0       0
                cstackBANK0                          20       20       4F       20       1
                cstackCOMMON                         70       70        E       70       1
                cstackBANK1                          A0       A0       25       A0       1
                clrtext                            1442     1442        6     2884       0
                inittext                              4        4        6        0       0
                bssBANK3                            1A0      1A0       19      1A0       1
                bssBANK2                            120      120       3E      120       1
                dataBANK1                            DB       DB        7       A0       1
                bssBANK1                             C5       C5       16       A0       1
                bssBANK0                             6F       6F        1       20       1
                stringtext10                       182B     182B        2     3000       0
                stringtext9                        1823     1823        5     3000       0
                stringtext8                        1819     1819        A     3000       0
                stringtext7                        1800     1800        D     3000       0
                stringtext6                        1000     1000       55     2000       0
                stringtext5                        10D5     10D5       40     2000       0
                stringtext4                        1095     1095       40     2000       0
                stringtext3                        1055     1055       40     2000       0
                stringtext2                        1828     1828        3     3000       0
                stringtext1                        180D     180D        C     3000       0
                idataBANK1                         1448     1448        7     2890       0

TOTAL           Name                               Link     Load   Length     Space
        CLASS   STACK          

        CLASS   CODE           
                end_init                              2        2        2         0
                cinit                               7D8      7D8       28         0
                reset_vec                             0        0        2         0
                text48                             1458     1458        B         0
                text47                             15D7     15D7       23         0
                text46                             16CD     16CD       2F         0
                text45                             147C     147C        F         0
                text44                             157A     157A       1C         0
                text43                             1545     1545       1A         0
                text42                             155F     155F       1B         0
                text41                             1648     1648       2C         0
                text40                             15B5     15B5       22         0
                text39                              9AF      9AF       6A         0
                text38                              AFD      AFD       7B         0
                text37                             14AA     14AA       12         0
                text36                             144F     144F        9         0
                text35                             16A0     16A0       2D         0
                text34                              A19      A19       70         0
                text33                              A89      A89       74         0
                text32                             14BC     14BC       12         0
                text31                              E84      E84      17C         0
                text30                             1674     1674       2C         0
                text29                             1761     1761       35         0
                text28                              890      890       56         0
                text27                             149A     149A       10         0
                text26                              802      802       39         0
                text25                              946      946       69         0
                text24                             14E1     14E1       19         0
                text23                              43E      43E      39A         0
                text22                             14CE     14CE       13         0
                text21                             1463     1463        C         0
                text20                             148B     148B        F         0
                text19                             1796     1796       35         0
                text18                             143E     143E        4         0
                text17                             146F     146F        D         0
                text16                             14FA     14FA       19         0
                text15                             15FA     15FA       23         0
                text14                                A        A       EA         0
                text13                              801      801        1         0
                text12                              83B      83B       55         0
                text11                              C29      C29       E1         0
                text10                             1596     1596       1F         0
                text9                              1513     1513       19         0
                text8                              161D     161D       2B         0
                text7                               8E6      8E6       60         0
                text6                              152C     152C       19         0
                text5                              172E     172E       33         0
                text4                               D0A      D0A      17A         0
                text3                                F4       F4      34A         0
                text2                              17CB     17CB       35         0
                text1                              16FC     16FC       32         0
                maintext                            B78      B78       B1         0
                clrtext                            1442     1442        6         0
                inittext                              4        4        6         0
                idataBANK1                         1448     1448        7         0

        CLASS   STRCODE        
                stringtext10                       182B     182B        2         0
                stringtext9                        1823     1823        5         0
                stringtext8                        1819     1819        A         0
                stringtext7                        1800     1800        D         0
                stringtext6                        1000     1000       55         0
                stringtext5                        10D5     10D5       40         0
                stringtext4                        1095     1095       40         0
                stringtext3                        1055     1055       40         0
                stringtext2                        1828     1828        3         0
                stringtext1                        180D     180D        C         0

        CLASS   STRING         

        CLASS   CONST          

        CLASS   ENTRY          

        CLASS   COMMON         
                cstackCOMMON                         70       70        E         1

        CLASS   BANK0          
                cstackBANK0                          20       20       4F         1
                bssBANK0                             6F       6F        1         1

        CLASS   BANK1          
                cstackBANK1                          A0       A0       25         1
                dataBANK1                            DB       DB        7         1
                bssBANK1                             C5       C5       16         1

        CLASS   BANK2          
                bssBANK2                            120      120       3E         1

        CLASS   BANK3          
                bssBANK3                            1A0      1A0       19         1

        CLASS   BANK4          

        CLASS   BANK5          

        CLASS   BANK6          

        CLASS   BANK7          

        CLASS   BANK8          

        CLASS   BANK9          

        CLASS   BANK10         

        CLASS   BANK11         

        CLASS   BANK12         

        CLASS   BIGRAM         

        CLASS   RAM            

        CLASS   ABS1           
                abs_s1                               7E       7E        2         1

        CLASS   SFR0           

        CLASS   SFR1           

        CLASS   SFR2           

        CLASS   SFR3           

        CLASS   SFR4           

        CLASS   SFR5           

        CLASS   SFR6           

        CLASS   SFR7           

        CLASS   SFR8           

        CLASS   SFR9           

        CLASS   SFR10          

        CLASS   SFR11          

        CLASS   SFR12          

        CLASS   SFR13          

        CLASS   SFR14          

        CLASS   SFR15          

        CLASS   SFR16          

        CLASS   SFR17          

        CLASS   SFR18          

        CLASS   SFR19          

        CLASS   SFR20          

        CLASS   SFR21          

        CLASS   SFR22          

        CLASS   SFR23          

        CLASS   SFR24          

        CLASS   SFR25          

        CLASS   SFR26          

        CLASS   SFR27          

        CLASS   SFR28          

        CLASS   SFR29          

        CLASS   SFR30          

        CLASS   SFR31          

        CLASS   CONFIG         
                config                             8007     8007        2         0

        CLASS   IDLOC          

        CLASS   BANK31         

        CLASS   BANK30         

        CLASS   BANK29         

        CLASS   BANK28         

        CLASS   BANK27         

        CLASS   BANK26         

        CLASS   BANK25         

        CLASS   BANK24         

        CLASS   BANK23         

        CLASS   BANK22         

        CLASS   BANK21         

        CLASS   BANK20         

        CLASS   BANK19         

        CLASS   BANK18         

        CLASS   BANK17         

        CLASS   BANK16         

        CLASS   BANK15         

        CLASS   BANK14         

        CLASS   BANK13         

        CLASS   EEDATA         



SEGMENTS        Name                           Load    Length   Top    Selector   Space  Class     Delta

                reset_vec                      000000  00000A  00000A         0       0  CODE        2
                text14                         00000A  0000EA  0000F4        14       0  CODE        2
                cstackBANK0                    000020  000050  000070        20       1  BANK0       1
                cstackCOMMON                   000070  00000E  00007E        70       1  COMMON      1
                cstackBANK1                    0000A0  000042  0000E2        A0       1  BANK1       1
                bssBANK2                       000120  00003E  00015E       120       1  BANK2       1
                bssBANK3                       0001A0  000019  0001B9       1A0       1  BANK3       1
                text3                          0000F4  00034A  00043E       1E8       0  CODE        2
                text23                         00043E  00039A  0007D8       87C       0  CODE        2
                cinit                          0007D8  000028  000800       FB0       0  CODE        2
                text13                         000801  000001  000802      1002       0  CODE        2
                text26                         000802  000039  00083B      1004       0  CODE        2
                text12                         00083B  000055  000890      1076       0  CODE        2
                text28                         000890  000056  0008E6      1120       0  CODE        2
                text7                          0008E6  000060  000946      11CC       0  CODE        2
                text25                         000946  000069  0009AF      128C       0  CODE        2
                text39                         0009AF  00006A  000A19      135E       0  CODE        2
                text34                         000A19  000070  000A89      1432       0  CODE        2
                text33                         000A89  000074  000AFD      1512       0  CODE        2
                text38                         000AFD  00007B  000B78      15FA       0  CODE        2
                maintext                       000B78  0000B1  000C29      16F0       0  CODE        2
                text11                         000C29  0000E1  000D0A      1852       0  CODE        2
                text4                          000D0A  00017A  000E84      1A14       0  CODE        2
                text31                         000E84  00017C  001000      1D08       0  CODE        2
                stringtext6                    001000  000115  001115      2000       0  STRCODE     2
                text18                         00143E  000004  001442      287C       0  CODE        2
                clrtext                        001442  000006  001448      2884       0  CODE        2
                idataBANK1                     001448  000007  00144F      2890       0  CODE        2
                text36                         00144F  000009  001458      289E       0  CODE        2
                text48                         001458  00000B  001463      28B0       0  CODE        2
                text21                         001463  00000C  00146F      28C6       0  CODE        2
                text17                         00146F  00000D  00147C      28DE       0  CODE        2
                text45                         00147C  00000F  00148B      28F8       0  CODE        2
                text20                         00148B  00000F  00149A      2916       0  CODE        2
                text27                         00149A  000010  0014AA      2934       0  CODE        2
                text37                         0014AA  000012  0014BC      2954       0  CODE        2
                text32                         0014BC  000012  0014CE      2978       0  CODE        2
                text22                         0014CE  000013  0014E1      299C       0  CODE        2
                text24                         0014E1  000019  0014FA      29C2       0  CODE        2
                text16                         0014FA  000019  001513      29F4       0  CODE        2
                text9                          001513  000019  00152C      2A26       0  CODE        2
                text6                          00152C  000019  001545      2A58       0  CODE        2
                text43                         001545  00001A  00155F      2A8A       0  CODE        2
                text42                         00155F  00001B  00157A      2ABE       0  CODE        2
                text44                         00157A  00001C  001596      2AF4       0  CODE        2
                text10                         001596  00001F  0015B5      2B2C       0  CODE        2
                text40                         0015B5  000022  0015D7      2B6A       0  CODE        2
                text47                         0015D7  000023  0015FA      2BAE       0  CODE        2
                text15                         0015FA  000023  00161D      2BF4       0  CODE        2
                text8                          00161D  00002B  001648      2C3A       0  CODE        2
                text41                         001648  00002C  001674      2C90       0  CODE        2
                text30                         001674  00002C  0016A0      2CE8       0  CODE        2
                text35                         0016A0  00002D  0016CD      2D40       0  CODE        2
                text46                         0016CD  00002F  0016FC      2D9A       0  CODE        2
                text1                          0016FC  000032  00172E      2DF8       0  CODE        2
                text5                          00172E  000033  001761      2E5C       0  CODE        2
                text29                         001761  000035  001796      2EC2       0  CODE        2
                text19                         001796  000035  0017CB      2F2C       0  CODE        2
                text2                          0017CB  000035  001800      2F96       0  CODE        2
                stringtext7                    001800  00002D  00182D      3000       0  STRCODE     2
                config                         008007  000002  008009     1000E       0  CONFIG      2


UNUSED ADDRESS RANGES

        Name                Unused          Largest block    Delta
        BANK1            000E2-000EF               E           1
        BANK10           00520-0056F              50           1
        BANK11           005A0-005EF              50           1
        BANK12           00620-0064F              30           1
        BANK2            0015E-0016F              12           1
        BANK3            001B9-001EF              37           1
        BANK4            00220-0026F              50           1
        BANK5            002A0-002EF              50           1
        BANK6            00320-0036F              50           1
        BANK7            003A0-003EF              50           1
        BANK8            00420-0046F              50           1
        BANK9            004A0-004EF              50           1
        BIGRAM           02000-023EF             3F0           1
        CODE             00800-00800               1           2
                         01115-0143D             329
                         0182D-01FFF             7D3
        CONST            00800-00800               1           2
                         01115-0143D             100
                         0182D-01FFF             100
        ENTRY            00800-00800               1           2
                         01115-0143D             100
                         0182D-01FFF             100
        IDLOC            08000-08003               4           2
        RAM              000E2-000EF               E           1
                         0015E-0016F              12
                         001B9-001EF              37
                         00220-0026F              50
                         002A0-002EF              50
                         00320-0036F              50
                         003A0-003EF              50
                         00420-0046F              50
                         004A0-004EF              50
                         00520-0056F              50
                         005A0-005EF              50
                         00620-0064F              30
        SFR0             00000-0001F              20           1
        SFR1             00080-0009F              20           1
        SFR10            00500-0051F              20           1
        SFR11            00580-0059F              20           1
        SFR12            00600-0061F              20           1
        SFR13            00680-006EF              70           1
        SFR14            00700-0076F              70           1
        SFR15            00780-007EF              70           1
        SFR16            00800-0086F              70           1
        SFR17            00880-008EF              70           1
        SFR18            00900-0096F              70           1
        SFR19            00980-009EF              70           1
        SFR2             00100-0011F              20           1
        SFR20            00A00-00A6F              70           1
        SFR21            00A80-00AEF              70           1
        SFR22            00B00-00B6F              70           1
        SFR23            00B80-00BEF              70           1
        SFR24            00C00-00C6F              70           1
        SFR25            00C80-00CEF              70           1
        SFR26            00D00-00D6F              70           1
        SFR27            00D80-00DEF              70           1
        SFR28            00E00-00E6F              70           1
        SFR29            00E80-00EEF              70           1
        SFR3             00180-0019F              20           1
        SFR30            00F00-00F6F              70           1
        SFR31            00F80-00FEF              70           1
        SFR4             00200-0021F              20           1
        SFR5             00280-0029F              20           1
        SFR6             00300-0031F              20           1
        SFR7             00380-0039F              20           1
        SFR8             00400-0041F              20           1
        SFR9             00480-0049F              20           1
        STACK            02109-023EF             2E7           1
        STRCODE          00800-00800               1           2
                         01115-0143D             329
                         0182D-01FFF             7D3
        STRING           00800-00800               1           2
                         01115-0143D             100
                         0182D-01FFF             100

                                  Symbol Table

?___awdiv                               cstackCOMMON 00070
?___wmul                                cstackCOMMON 00070
?_atoi                                  cstackCOMMON 00076
?_isalpha                               cstackCOMMON 00070
?_isdigit                               cstackCOMMON 00070
?_islower                               cstackCOMMON 00070
?_isspace                               cstackCOMMON 00070
?_isupper                               cstackCOMMON 00070
?_pad                                   cstackBANK0  00024
?_sprintf                               cstackBANK0  00066
?_stoa                                  cstackCOMMON 00078
?_strlen                                cstackCOMMON 00070
?_toupper                               cstackCOMMON 00076
?_vfpfcnvrt                             cstackBANK0  00048
?_vfprintf                              cstackBANK0  0005E
?_xtoa                                  cstackBANK0  0002C
EUSART_PrintString@aux                  cstackCOMMON 00079
EUSART_PrintString@txBuffer             cstackCOMMON 0007A
EUSART_PrintString@txLength             cstackCOMMON 00076
EUSART_Write@txData                     cstackCOMMON 00070
PCD_AntennaOn@value                     cstackCOMMON 00075
PCD_CalculateCRC@data                   cstackBANK0  00023
PCD_CalculateCRC@i                      cstackBANK0  00021
PCD_CalculateCRC@length                 cstackCOMMON 00077
PCD_CalculateCRC@n                      cstackBANK0  00020
PCD_CalculateCRC@result                 cstackCOMMON 00078
PCD_ClearRegisterBitMask@mask           cstackCOMMON 00074
PCD_ClearRegisterBitMask@reg            cstackCOMMON 00077
PCD_ClearRegisterBitMask@tmp            cstackCOMMON 00076
PCD_CommunicateWithPICC@_validBits      cstackBANK0  00039
PCD_CommunicateWithPICC@backData        cstackBANK0  00027
PCD_CommunicateWithPICC@backLen         cstackBANK0  00028
PCD_CommunicateWithPICC@bitFraming      cstackBANK0  0002F
PCD_CommunicateWithPICC@checkCRC        cstackBANK0  0002B
PCD_CommunicateWithPICC@command         cstackBANK0  00032
PCD_CommunicateWithPICC@controlBuffer   cstackBANK0  00030
PCD_CommunicateWithPICC@errorRegValue   cstackBANK0  00034
PCD_CommunicateWithPICC@i               cstackBANK0  00036
PCD_CommunicateWithPICC@n               cstackBANK0  00033
PCD_CommunicateWithPICC@n_689           cstackBANK0  00038
PCD_CommunicateWithPICC@rxAlign         cstackBANK0  0002A
PCD_CommunicateWithPICC@sendData        cstackBANK0  00025
PCD_CommunicateWithPICC@sendLen         cstackBANK0  00026
PCD_CommunicateWithPICC@status          cstackBANK0  00035
PCD_CommunicateWithPICC@txLastBits      cstackBANK0  0002E
PCD_CommunicateWithPICC@validBits       cstackBANK0  00029
PCD_CommunicateWithPICC@waitIRq         cstackBANK0  00024
PCD_Init@hardReset                      cstackCOMMON 0007D
PCD_PerformSelfTest@F9576               bssBANK3     001A0
PCD_ReadRegister@addr                   cstackCOMMON 00072
PCD_ReadRegister@value                  cstackCOMMON 00073
PCD_ReadRegisters@addr                  cstackCOMMON 00078
PCD_ReadRegisters@count                 cstackCOMMON 00071
PCD_ReadRegisters@index                 cstackCOMMON 00079
PCD_ReadRegisters@mask                  cstackCOMMON 00077
PCD_ReadRegisters@rxAlign               cstackCOMMON 00073
PCD_ReadRegisters@value                 cstackCOMMON 00076
PCD_ReadRegisters@values                cstackCOMMON 00072
PCD_Reset@count                         cstackCOMMON 00076
PCD_SetRegisterBitMask@mask             cstackCOMMON 00074
PCD_SetRegisterBitMask@reg              cstackCOMMON 00077
PCD_SetRegisterBitMask@tmp              cstackCOMMON 00076
PCD_TransceiveData@backData             cstackBANK0  0003B
PCD_TransceiveData@backLen              cstackBANK0  0003C
PCD_TransceiveData@checkCRC             cstackBANK0  0003F
PCD_TransceiveData@rxAlign              cstackBANK0  0003E
PCD_TransceiveData@sendData             cstackBANK0  00049
PCD_TransceiveData@sendLen              cstackBANK0  0003A
PCD_TransceiveData@validBits            cstackBANK0  0003D
PCD_TransceiveData@waitIRq              cstackBANK0  00048
PCD_WriteRegister@addr                  cstackCOMMON 00073
PCD_WriteRegister@value                 cstackCOMMON 00071
PCD_WriteRegisters@addr                 cstackCOMMON 00075
PCD_WriteRegisters@count                cstackCOMMON 00071
PCD_WriteRegisters@index                cstackCOMMON 00076
PCD_WriteRegisters@values               cstackCOMMON 00072
PICC_HaltA@buffer                       cstackBANK0  0004D
PICC_HaltA@result                       cstackBANK0  00051
PICC_IsNewCardPresent@bufferATQA        cstackBANK0  00059
PICC_IsNewCardPresent@bufferSize        cstackBANK0  0005C
PICC_IsNewCardPresent@result            cstackBANK0  0005B
PICC_REQA_or_WUPA@bufferATQA            cstackBANK0  0004A
PICC_REQA_or_WUPA@bufferSize            cstackBANK0  0004B
PICC_REQA_or_WUPA@command               cstackBANK0  00050
PICC_REQA_or_WUPA@status                cstackBANK0  00051
PICC_REQA_or_WUPA@validBits             cstackBANK0  00052
PICC_ReadCardSerial@result              cstackBANK0  00052
PICC_RequestA@bufferATQA                cstackBANK0  00056
PICC_RequestA@bufferSize                cstackBANK0  00053
PICC_Select@buffer                      cstackBANK1  000B0
PICC_Select@bufferUsed                  cstackBANK1  000A9
PICC_Select@bytesToCopy                 cstackBANK1  000BD
PICC_Select@cascadeLevel                cstackBANK1  000AF
PICC_Select@checkBit                    cstackBANK1  000A6
PICC_Select@collisionPos                cstackBANK1  000B9
PICC_Select@count                       cstackBANK1  000C1
PICC_Select@currentLevelKnownBits       cstackBANK1  000C4
PICC_Select@index                       cstackBANK1  000C3
PICC_Select@maxBytes                    cstackBANK1  000AD
PICC_Select@responseBuffer              cstackBANK1  000BF
PICC_Select@responseLength              cstackBANK1  000BC
PICC_Select@result                      cstackBANK1  000C2
PICC_Select@rxAlign                     cstackBANK1  000AC
PICC_Select@selectDone                  cstackBANK1  000A8
PICC_Select@txLastBits                  cstackBANK1  000C0
PICC_Select@uid                         cstackBANK1  000BE
PICC_Select@uidComplete                 cstackBANK1  000A7
PICC_Select@uidIndex                    cstackBANK1  000BB
PICC_Select@useCascadeTag               cstackBANK1  000BA
PICC_Select@validBits                   cstackBANK0  0004A
PICC_Select@valueOfCollReg              cstackBANK1  000AE
_ANSELA                                 (abs)        0018C
_ANSELB                                 (abs)        0018D
_ANSELC                                 (abs)        0018E
_BAUD1CON                               (abs)        0019F
_BORCON                                 (abs)        0021D
_EUSART_Initialize                      text21       01463
_EUSART_PrintString                     text46       016CD
_EUSART_Read                            (abs)        00000
_EUSART_Write                           text48       01458
_EUSART_is_rx_ready                     (abs)        00000
_EUSART_is_tx_done                      (abs)        00000
_EUSART_is_tx_ready                     (abs)        00000
_FM17522_firmware_reference             stringtext3  01055
_LATA                                   (abs)        0010C
_LATB                                   (abs)        0010D
_LATC                                   (abs)        0010E
_LATCbits                               (abs)        0010E
_MFRC522_firmware_referenceV0_0         stringtext6  01000
_MFRC522_firmware_referenceV1_0         stringtext5  010D5
_MFRC522_firmware_referenceV2_0         stringtext4  01095
_ODCONA                                 (abs)        0028C
_ODCONB                                 (abs)        0028D
_ODCONC                                 (abs)        0028E
_OPTION_REGbits                         (abs)        00095
_OSCCON                                 (abs)        00099
_OSCILLATOR_Initialize                  text20       0148B
_OSCSTAT                                (abs)        0009A
_OSCTUNE                                (abs)        00098
_PCD_AntennaOn                          text42       0155F
_PCD_CalculateCRC                       text34       00A19
_PCD_ClearRegisterBitMask               text37       014AA
_PCD_CommunicateWithPICC                text31       00E84
_PCD_CommunicateWithPICC$683            cstackBANK0  0002C
_PCD_Init                               text38       00AFD
_PCD_ReadRegister                       text44       0157A
_PCD_ReadRegisters                      text33       00A89
_PCD_Reset                              text41       01648
_PCD_SetRegisterBitMask                 text32       014BC
_PCD_StopCrypto1                        text36       0144F
_PCD_TransceiveData                     text30       01674
_PCD_WriteRegister                      text43       01545
_PCD_WriteRegisters                     text35       016A0
_PICC_HaltA                             text29       01761
_PICC_IsNewCardPresent                  text26       00802
_PICC_REQA_or_WUPA                      text28       00890
_PICC_ReadCardSerial                    text22       014CE
_PICC_RequestA                          text27       0149A
_PICC_Select                            text23       0043E
_PICC_Select$728                        cstackBANK1  000AA
_PICC_Select$729                        cstackBANK1  000AB
_PICC_Select$732                        cstackBANK1  000A0
_PICC_Select$735                        cstackBANK1  000A2
_PICC_Select$736                        cstackBANK1  000A4
_PIN_MANAGER_Initialize                 text19       01796
_PIR1bits                               (abs)        00011
_PLLR                                   (abs)        004D6
_PORTCbits                              (abs)        0000E
_RA0PPS                                 (abs)        00E90
_RA2PPS                                 (abs)        00E92
_RC0PPS                                 (abs)        00EA0
_RC1REG                                 (abs)        00199
_RC1STA                                 (abs)        0019D
_RC1STAbits                             (abs)        0019D
_RXPPS                                  (abs)        00E24
_SLRCONA                                (abs)        0030C
_SLRCONB                                (abs)        0030D
_SLRCONC                                (abs)        0030E
_SPBRGH                                 (abs)        0019C
_SPBRGL                                 (abs)        0019B
_SSP1ADD                                (abs)        00212
_SSP1BUF                                (abs)        00211
_SSP1CON1                               (abs)        00215
_SSP1CON1bits                           (abs)        00215
_SSP1CON2                               (abs)        00216
_SSP1STAT                               (abs)        00214
_SSPCLKPPS                              (abs)        00E20
_SSPDATPPS                              (abs)        00E21
_SYSTEM_Initialize                      text17       0146F
_TRISA                                  (abs)        0008C
_TRISB                                  (abs)        0008D
_TRISC                                  (abs)        0008E
_TRISCbits                              (abs)        0008E
_TX1REG                                 (abs)        0019A
_TX1STA                                 (abs)        0019E
_TX1STAbits                             (abs)        0019E
_WDTCON                                 (abs)        00097
_WDT_Initialize                         text18       0143E
_WPUA                                   (abs)        0020C
_WPUB                                   (abs)        0020D
_WPUC                                   (abs)        0020E
__CFG_BOREN$ON                          (abs)        00000
__CFG_BORV$LO                           (abs)        00000
__CFG_CLKOUTEN$OFF                      (abs)        00000
__CFG_CP$OFF                            (abs)        00000
__CFG_FCMEN$ON                          (abs)        00000
__CFG_FOSC$INTOSC                       (abs)        00000
__CFG_IESO$ON                           (abs)        00000
__CFG_LPBOR$OFF                         (abs)        00000
__CFG_LVP$ON                            (abs)        00000
__CFG_MCLRE$ON                          (abs)        00000
__CFG_PLLEN$ON                          (abs)        00000
__CFG_PPS1WAY$ON                        (abs)        00000
__CFG_PWRTE$OFF                         (abs)        00000
__CFG_STVREN$ON                         (abs)        00000
__CFG_WDTE$OFF                          (abs)        00000
__CFG_WRT$OFF                           (abs)        00000
__Habs1                                 abs1         00000
__Hbank0                                bank0        00000
__Hbank1                                bank1        00000
__Hbank10                               bank10       00000
__Hbank11                               bank11       00000
__Hbank12                               bank12       00000
__Hbank13                               bank13       00000
__Hbank14                               bank14       00000
__Hbank15                               bank15       00000
__Hbank16                               bank16       00000
__Hbank17                               bank17       00000
__Hbank18                               bank18       00000
__Hbank19                               bank19       00000
__Hbank2                                bank2        00000
__Hbank20                               bank20       00000
__Hbank21                               bank21       00000
__Hbank22                               bank22       00000
__Hbank23                               bank23       00000
__Hbank24                               bank24       00000
__Hbank25                               bank25       00000
__Hbank26                               bank26       00000
__Hbank27                               bank27       00000
__Hbank28                               bank28       00000
__Hbank29                               bank29       00000
__Hbank3                                bank3        00000
__Hbank30                               bank30       00000
__Hbank31                               bank31       00000
__Hbank4                                bank4        00000
__Hbank5                                bank5        00000
__Hbank6                                bank6        00000
__Hbank7                                bank7        00000
__Hbank8                                bank8        00000
__Hbank9                                bank9        00000
__Hbigram                               bigram       00000
__HbssBANK0                             bssBANK0     00000
__HbssBANK1                             bssBANK1     00000
__HbssBANK2                             bssBANK2     00000
__HbssBANK3                             bssBANK3     00000
__Hcinit                                cinit        00800
__Hclrtext                              clrtext      00000
__Hcode                                 code         00000
__Hcommon                               common       00000
__Hconfig                               config       08009
__HcstackBANK0                          cstackBANK0  00000
__HcstackBANK1                          cstackBANK1  00000
__HcstackCOMMON                         cstackCOMMON 00000
__HdataBANK1                            dataBANK1    00000
__Heeprom_data                          eeprom_data  00000
__Hend_init                             end_init     00004
__Hfunctab                              functab      00000
__HidataBANK1                           idataBANK1   00000
__Hidloc                                idloc        00000
__Hinit                                 init         00002
__Hinittext                             inittext     00000
__Hintentry                             intentry     00002
__Hmaintext                             maintext     00000
__Hpowerup                              powerup      00000
__Hram                                  ram          00000
__Hreset_vec                            reset_vec    00002
__Hsfr0                                 sfr0         00000
__Hsfr1                                 sfr1         00000
__Hsfr10                                sfr10        00000
__Hsfr11                                sfr11        00000
__Hsfr12                                sfr12        00000
__Hsfr13                                sfr13        00000
__Hsfr14                                sfr14        00000
__Hsfr15                                sfr15        00000
__Hsfr16                                sfr16        00000
__Hsfr17                                sfr17        00000
__Hsfr18                                sfr18        00000
__Hsfr19                                sfr19        00000
__Hsfr2                                 sfr2         00000
__Hsfr20                                sfr20        00000
__Hsfr21                                sfr21        00000
__Hsfr22                                sfr22        00000
__Hsfr23                                sfr23        00000
__Hsfr24                                sfr24        00000
__Hsfr25                                sfr25        00000
__Hsfr26                                sfr26        00000
__Hsfr27                                sfr27        00000
__Hsfr28                                sfr28        00000
__Hsfr29                                sfr29        00000
__Hsfr3                                 sfr3         00000
__Hsfr30                                sfr30        00000
__Hsfr31                                sfr31        00000
__Hsfr4                                 sfr4         00000
__Hsfr5                                 sfr5         00000
__Hsfr6                                 sfr6         00000
__Hsfr7                                 sfr7         00000
__Hsfr8                                 sfr8         00000
__Hsfr9                                 sfr9         00000
__Hspace_0                              (abs)        08009
__Hspace_1                              (abs)        001B9
__Hspace_2                              (abs)        00000
__Hspace_3                              (abs)        00000
__Hstack                                stack        00000
__Hstrings                              strings      00000
__Hstringtext1                          stringtext1  00000
__Hstringtext10                         stringtext10 00000
__Hstringtext11                         stringtext11 00000
__Hstringtext2                          stringtext2  00000
__Hstringtext3                          stringtext3  00000
__Hstringtext4                          stringtext4  00000
__Hstringtext5                          stringtext5  00000
__Hstringtext6                          stringtext6  00000
__Hstringtext7                          stringtext7  00000
__Hstringtext8                          stringtext8  00000
__Hstringtext9                          stringtext9  00000
__Htext                                 text         00000
__Labs1                                 abs1         00000
__Lbank0                                bank0        00000
__Lbank1                                bank1        00000
__Lbank10                               bank10       00000
__Lbank11                               bank11       00000
__Lbank12                               bank12       00000
__Lbank13                               bank13       00000
__Lbank14                               bank14       00000
__Lbank15                               bank15       00000
__Lbank16                               bank16       00000
__Lbank17                               bank17       00000
__Lbank18                               bank18       00000
__Lbank19                               bank19       00000
__Lbank2                                bank2        00000
__Lbank20                               bank20       00000
__Lbank21                               bank21       00000
__Lbank22                               bank22       00000
__Lbank23                               bank23       00000
__Lbank24                               bank24       00000
__Lbank25                               bank25       00000
__Lbank26                               bank26       00000
__Lbank27                               bank27       00000
__Lbank28                               bank28       00000
__Lbank29                               bank29       00000
__Lbank3                                bank3        00000
__Lbank30                               bank30       00000
__Lbank31                               bank31       00000
__Lbank4                                bank4        00000
__Lbank5                                bank5        00000
__Lbank6                                bank6        00000
__Lbank7                                bank7        00000
__Lbank8                                bank8        00000
__Lbank9                                bank9        00000
__Lbigram                               bigram       00000
__LbssBANK0                             bssBANK0     00000
__LbssBANK1                             bssBANK1     00000
__LbssBANK2                             bssBANK2     00000
__LbssBANK3                             bssBANK3     00000
__Lcinit                                cinit        007D8
__Lclrtext                              clrtext      00000
__Lcode                                 code         00000
__Lcommon                               common       00000
__Lconfig                               config       08007
__LcstackBANK0                          cstackBANK0  00000
__LcstackBANK1                          cstackBANK1  00000
__LcstackCOMMON                         cstackCOMMON 00000
__LdataBANK1                            dataBANK1    00000
__Leeprom_data                          eeprom_data  00000
__Lend_init                             end_init     00002
__Lfunctab                              functab      00000
__LidataBANK1                           idataBANK1   00000
__Lidloc                                idloc        00000
__Linit                                 init         00002
__Linittext                             inittext     00000
__Lintentry                             intentry     00002
__Lmaintext                             maintext     00000
__Lpowerup                              powerup      00000
__Lram                                  ram          00000
__Lreset_vec                            reset_vec    00000
__Lsfr0                                 sfr0         00000
__Lsfr1                                 sfr1         00000
__Lsfr10                                sfr10        00000
__Lsfr11                                sfr11        00000
__Lsfr12                                sfr12        00000
__Lsfr13                                sfr13        00000
__Lsfr14                                sfr14        00000
__Lsfr15                                sfr15        00000
__Lsfr16                                sfr16        00000
__Lsfr17                                sfr17        00000
__Lsfr18                                sfr18        00000
__Lsfr19                                sfr19        00000
__Lsfr2                                 sfr2         00000
__Lsfr20                                sfr20        00000
__Lsfr21                                sfr21        00000
__Lsfr22                                sfr22        00000
__Lsfr23                                sfr23        00000
__Lsfr24                                sfr24        00000
__Lsfr25                                sfr25        00000
__Lsfr26                                sfr26        00000
__Lsfr27                                sfr27        00000
__Lsfr28                                sfr28        00000
__Lsfr29                                sfr29        00000
__Lsfr3                                 sfr3         00000
__Lsfr30                                sfr30        00000
__Lsfr31                                sfr31        00000
__Lsfr4                                 sfr4         00000
__Lsfr5                                 sfr5         00000
__Lsfr6                                 sfr6         00000
__Lsfr7                                 sfr7         00000
__Lsfr8                                 sfr8         00000
__Lsfr9                                 sfr9         00000
__Lspace_0                              (abs)        00000
__Lspace_1                              (abs)        00000
__Lspace_2                              (abs)        00000
__Lspace_3                              (abs)        00000
__Lstack                                stack        00000
__Lstrings                              strings      00000
__Lstringtext1                          stringtext1  00000
__Lstringtext10                         stringtext10 00000
__Lstringtext11                         stringtext11 00000
__Lstringtext2                          stringtext2  00000
__Lstringtext3                          stringtext3  00000
__Lstringtext4                          stringtext4  00000
__Lstringtext5                          stringtext5  00000
__Lstringtext6                          stringtext6  00000
__Lstringtext7                          stringtext7  00000
__Lstringtext8                          stringtext8  00000
__Lstringtext9                          stringtext9  00000
__Ltext                                 text         00000
__S0                                    (abs)        08009
__S1                                    (abs)        001B9
__S2                                    (abs)        00000
___awdiv                                text25       00946
___awdiv@counter                        cstackCOMMON 00075
___awdiv@dividend                       cstackCOMMON 00072
___awdiv@divisor                        cstackCOMMON 00070
___awdiv@quotient                       cstackCOMMON 00077
___awdiv@sign                           cstackCOMMON 00076
___bmul                                 text24       014E1
___bmul@multiplicand                    cstackCOMMON 00070
___bmul@multiplier                      cstackCOMMON 00073
___bmul@product                         cstackCOMMON 00072
___int_sp                               stack        00000
___latbits                              (abs)        00002
___sp                                   stack        00000
___wmul                                 text40       015B5
___wmul@multiplicand                    cstackCOMMON 00072
___wmul@multiplier                      cstackCOMMON 00070
___wmul@product                         cstackCOMMON 00074
__end_of_EUSART_Initialize              text21       0146F
__end_of_EUSART_PrintString             text46       016FC
__end_of_EUSART_Write                   text48       01463
__end_of_FM17522_firmware_reference     stringtext3  01095
__end_of_MFRC522_firmware_referenceV0_0 stringtext6  01040
__end_of_MFRC522_firmware_referenceV1_0 stringtext5  01115
__end_of_MFRC522_firmware_referenceV2_0 stringtext4  010D5
__end_of_OSCILLATOR_Initialize          text20       0149A
__end_of_PCD_AntennaOn                  text42       0157A
__end_of_PCD_CalculateCRC               text34       00A89
__end_of_PCD_ClearRegisterBitMask       text37       014BC
__end_of_PCD_CommunicateWithPICC        text31       01000
__end_of_PCD_Init                       text38       00B78
__end_of_PCD_ReadRegister               text44       01596
__end_of_PCD_ReadRegisters              text33       00AFD
__end_of_PCD_Reset                      text41       01674
__end_of_PCD_SetRegisterBitMask         text32       014CE
__end_of_PCD_StopCrypto1                text36       01458
__end_of_PCD_TransceiveData             text30       016A0
__end_of_PCD_WriteRegister              text43       0155F
__end_of_PCD_WriteRegisters             text35       016CD
__end_of_PICC_HaltA                     text29       01796
__end_of_PICC_IsNewCardPresent          text26       0083B
__end_of_PICC_REQA_or_WUPA              text28       008E6
__end_of_PICC_ReadCardSerial            text22       014E1
__end_of_PICC_RequestA                  text27       014AA
__end_of_PICC_Select                    text23       007D8
__end_of_PIN_MANAGER_Initialize         text19       017CB
__end_of_SYSTEM_Initialize              text17       0147C
__end_of_WDT_Initialize                 text18       01442
__end_of___awdiv                        text25       009AF
__end_of___bmul                         text24       014FA
__end_of___wmul                         text40       015D7
__end_of__initialization                cinit        007FD
__end_of_atoi                           text14       000F4
__end_of_fputc                          text12       00890
__end_of_fputs                          text8        01648
__end_of_isalpha                        text10       015B5
__end_of_isdigit                        text16       01513
__end_of_islower                        text6        01545
__end_of_isspace                        text15       0161D
__end_of_isupper                        text9        0152C
__end_of_main                           maintext     00C29
__end_of_pad                            text7        00946
__end_of_putch                          text13       00802
__end_of_spi_configuration              stringtext2  0182B
__end_of_spi_exchangeByte               text45       0148B
__end_of_spi_master_open                text39       00A19
__end_of_sprintf                        text1        0172E
__end_of_stoa                           text11       00D0A
__end_of_strlen                         text47       015FA
__end_of_toupper                        text5        01761
__end_of_uart                           stringtext1  01819
__end_of_vfpfcnvrt                      text3        0043E
__end_of_vfprintf                       text2        01800
__end_of_xtoa                           text4        00E84
__initialization                        cinit        007D8
__pbssBANK0                             bssBANK0     0006F
__pbssBANK1                             bssBANK1     000C5
__pbssBANK2                             bssBANK2     00120
__pbssBANK3                             bssBANK3     001A0
__pcstackBANK0                          cstackBANK0  00020
__pcstackBANK1                          cstackBANK1  000A0
__pcstackCOMMON                         cstackCOMMON 00070
__pdataBANK1                            dataBANK1    000DB
__pidataBANK1                           idataBANK1   01448
__pmaintext                             maintext     00B78
__pstringtext1                          stringtext1  0180D
__pstringtext10                         stringtext10 0182B
__pstringtext11                         stringtext11 00000
__pstringtext2                          stringtext2  01828
__pstringtext3                          stringtext3  01055
__pstringtext4                          stringtext4  01095
__pstringtext5                          stringtext5  010D5
__pstringtext6                          stringtext6  01000
__pstringtext7                          stringtext7  01800
__pstringtext8                          stringtext8  01819
__pstringtext9                          stringtext9  01823
__ptext1                                text1        016FC
__ptext10                               text10       01596
__ptext11                               text11       00C29
__ptext12                               text12       0083B
__ptext13                               text13       00801
__ptext14                               text14       0000A
__ptext15                               text15       015FA
__ptext16                               text16       014FA
__ptext17                               text17       0146F
__ptext18                               text18       0143E
__ptext19                               text19       01796
__ptext2                                text2        017CB
__ptext20                               text20       0148B
__ptext21                               text21       01463
__ptext22                               text22       014CE
__ptext23                               text23       0043E
__ptext24                               text24       014E1
__ptext25                               text25       00946
__ptext26                               text26       00802
__ptext27                               text27       0149A
__ptext28                               text28       00890
__ptext29                               text29       01761
__ptext3                                text3        000F4
__ptext30                               text30       01674
__ptext31                               text31       00E84
__ptext32                               text32       014BC
__ptext33                               text33       00A89
__ptext34                               text34       00A19
__ptext35                               text35       016A0
__ptext36                               text36       0144F
__ptext37                               text37       014AA
__ptext38                               text38       00AFD
__ptext39                               text39       009AF
__ptext4                                text4        00D0A
__ptext40                               text40       015B5
__ptext41                               text41       01648
__ptext42                               text42       0155F
__ptext43                               text43       01545
__ptext44                               text44       0157A
__ptext45                               text45       0147C
__ptext46                               text46       016CD
__ptext47                               text47       015D7
__ptext48                               text48       01458
__ptext5                                text5        0172E
__ptext6                                text6        0152C
__ptext7                                text7        008E6
__ptext8                                text8        0161D
__ptext9                                text9        01513
__size_of_EUSART_Initialize             (abs)        00000
__size_of_EUSART_PrintString            (abs)        00000
__size_of_EUSART_Write                  (abs)        00000
__size_of_OSCILLATOR_Initialize         (abs)        00000
__size_of_PCD_AntennaOn                 (abs)        00000
__size_of_PCD_CalculateCRC              (abs)        00000
__size_of_PCD_ClearRegisterBitMask      (abs)        00000
__size_of_PCD_CommunicateWithPICC       (abs)        00000
__size_of_PCD_Init                      (abs)        00000
__size_of_PCD_ReadRegister              (abs)        00000
__size_of_PCD_ReadRegisters             (abs)        00000
__size_of_PCD_Reset                     (abs)        00000
__size_of_PCD_SetRegisterBitMask        (abs)        00000
__size_of_PCD_StopCrypto1               (abs)        00000
__size_of_PCD_TransceiveData            (abs)        00000
__size_of_PCD_WriteRegister             (abs)        00000
__size_of_PCD_WriteRegisters            (abs)        00000
__size_of_PICC_HaltA                    (abs)        00000
__size_of_PICC_IsNewCardPresent         (abs)        00000
__size_of_PICC_REQA_or_WUPA             (abs)        00000
__size_of_PICC_ReadCardSerial           (abs)        00000
__size_of_PICC_RequestA                 (abs)        00000
__size_of_PICC_Select                   (abs)        00000
__size_of_PIN_MANAGER_Initialize        (abs)        00000
__size_of_SYSTEM_Initialize             (abs)        00000
__size_of_WDT_Initialize                (abs)        00000
__size_of___awdiv                       (abs)        00000
__size_of___bmul                        (abs)        00000
__size_of___wmul                        (abs)        00000
__size_of_atoi                          (abs)        00000
__size_of_fputc                         (abs)        00000
__size_of_fputs                         (abs)        00000
__size_of_isalpha                       (abs)        00000
__size_of_isdigit                       (abs)        00000
__size_of_islower                       (abs)        00000
__size_of_isspace                       (abs)        00000
__size_of_isupper                       (abs)        00000
__size_of_main                          (abs)        00000
__size_of_pad                           (abs)        00000
__size_of_putch                         (abs)        00000
__size_of_spi_exchangeByte              (abs)        00000
__size_of_spi_master_open               (abs)        00000
__size_of_sprintf                       (abs)        00000
__size_of_stoa                          (abs)        00000
__size_of_strlen                        (abs)        00000
__size_of_toupper                       (abs)        00000
__size_of_vfpfcnvrt                     (abs)        00000
__size_of_vfprintf                      (abs)        00000
__size_of_xtoa                          (abs)        00000
_atoi                                   text14       0000A
_atoi$1208                              cstackBANK0  00022
_atoi$1209                              cstackBANK0  00026
_atoi$1210                              cstackBANK0  00024
_dbuf                                   bssBANK2     00120
_flags                                  bssBANK1     000CB
_fputc                                  text12       0083B
_fputs                                  text8        0161D
_i                                      bssBANK0     0006F
_isalpha                                text10       01596
_isdigit                                text16       014FA
_islower                                text6        0152C
_isspace                                text15       015FA
_isspace$1235                           cstackCOMMON 00074
_isupper                                text9        01513
_main                                   maintext     00B78
_main$457                               cstackBANK0  0006D
_nout                                   bssBANK1     000C5
_pad                                    text7        008E6
_phrase                                 bssBANK2     00140
_prec                                   bssBANK1     000C9
_putch                                  text13       00801
_readData                               bssBANK1     000CE
_readDummy                              bssBANK1     000CD
_spi_configuration                      stringtext2  01828
_spi_exchangeByte                       text45       0147C
_spi_master_open                        text39       009AF
_sprintf                                text1        016FC
_stoa                                   text11       00C29
_strlen                                 text47       015D7
_toupper                                text5        0172E
_toupper$1317                           cstackCOMMON 0007C
_uid                                    bssBANK1     000CF
_vfpfcnvrt                              text3        000F4
_vfpfcnvrt$918                          cstackBANK0  00055
_vfpfcnvrt$919                          cstackBANK0  00057
_vfprintf                               text2        017CB
_width                                  bssBANK1     000C7
_xtoa                                   text4        00D0A
_xtoa$902                               cstackBANK0  00037
_xtoa$903                               cstackBANK0  00039
atoi@n                                  cstackBANK0  00027
atoi@neg                                cstackBANK0  00020
atoi@s                                  cstackCOMMON 00076
btemp                                   (abs)        0007E
clear_ram0                              clrtext      01442
end_of_initialization                   cinit        007FD
fputc@c                                 cstackCOMMON 00070
fputc@fp                                cstackCOMMON 00072
fputs@c                                 cstackBANK0  00020
fputs@fp                                cstackCOMMON 00078
fputs@i                                 cstackBANK0  00021
fputs@s                                 cstackBANK0  00023
init_ram                                inittext     00004
intlevel0                               functab      00000
intlevel1                               functab      00000
intlevel2                               functab      00000
intlevel3                               functab      00000
intlevel4                               functab      00000
intlevel5                               functab      00000
isalpha@c                               cstackCOMMON 00070
isdigit@c                               cstackCOMMON 00070
islower@c                               cstackCOMMON 00070
isspace@c                               cstackCOMMON 00070
isupper@c                               cstackCOMMON 00070
pad@buf                                 cstackBANK0  00024
pad@fp                                  cstackBANK0  0002B
pad@i                                   cstackBANK0  00027
pad@p                                   cstackBANK0  00025
pad@w                                   cstackBANK0  00029
reset_vec                               reset_vec    00000
spi_exchangeByte@b                      cstackCOMMON 00070
spi_master_open@spiUniqueConfiguration  cstackCOMMON 0007A
sprintf@ap                              cstackBANK1  000A3
sprintf@f                               cstackBANK1  000A4
sprintf@fmt                             cstackBANK0  00066
sprintf@ret                             cstackBANK1  000A0
sprintf@s                               cstackBANK1  000A2
stackhi                                 (abs)        023EF
stacklo                                 (abs)        02109
start                                   init         00002
start_initialization                    cinit        007D8
stoa@F1121                              dataBANK1    000DB
stoa@cp                                 cstackBANK0  0002C
stoa@fp                                 cstackBANK0  0002B
stoa@i                                  cstackBANK0  00027
stoa@l                                  cstackBANK0  0002F
stoa@nuls                               cstackBANK0  00020
stoa@p                                  cstackBANK0  0002D
stoa@s                                  cstackCOMMON 00078
stoa@w                                  cstackBANK0  00029
strlen@a                                cstackCOMMON 00074
strlen@s                                cstackCOMMON 00070
toupper@c                               cstackCOMMON 00076
vfpfcnvrt@ap                            cstackBANK0  00049
vfpfcnvrt@c                             cstackBANK0  00050
vfpfcnvrt@cp                            cstackBANK0  00051
vfpfcnvrt@done                          cstackBANK0  00053
vfpfcnvrt@fmt                           cstackBANK0  00048
vfpfcnvrt@fp                            cstackBANK0  0005D
vfpfcnvrt@llu                           cstackBANK0  00059
vfpfcnvrt@vp                            cstackBANK0  00052
vfprintf@ap                             cstackBANK0  00060
vfprintf@cfmt                           cstackBANK0  00064
vfprintf@fmt                            cstackBANK0  0005E
vfprintf@fp                             cstackBANK0  00063
wtemp0                                  (abs)        0007E
xtoa@c                                  cstackBANK0  00046
xtoa@d                                  cstackBANK0  0002C
xtoa@fp                                 cstackBANK0  0003B
xtoa@i                                  cstackBANK0  00044
xtoa@n                                  cstackBANK0  00040
xtoa@p                                  cstackBANK0  0003C
xtoa@w                                  cstackBANK0  0003E
xtoa@x                                  cstackBANK0  00030


FUNCTION INFORMATION:

 *************** function _main *****************
 Defined at:
		line 14 in file "main.c"
 Parameters:    Size  Location     Type
		None
 Auto vars:     Size  Location     Type
		None
 Return value:  Size  Location     Type
                  1    wreg      void 
 Registers used:
		wreg, fsr0l, fsr0h, fsr1l, fsr1h, status,2, status,0, pclath, cstack
 Tracked objects:
		On entry : 
		On exit  : 
		Unchanged: 
 Data sizes:     COMMON   BANK0   BANK1   BANK2   BANK3   BANK4   BANK5   BANK6   BANK7   BANK8   BANK9  BANK10  BANK11  BANK12
      Params:         0       0       0       0       0       0       0       0       0       0       0       0       0       0
      Locals:         0       2       0       0       0       0       0       0       0       0       0       0       0       0
      Temps:          0       2       0       0       0       0       0       0       0       0       0       0       0       0
      Totals:         0       4       0       0       0       0       0       0       0       0       0       0       0       0
Total ram usage:        4 bytes
 Hardware stack levels required when called:    8
 This function calls:
		_EUSART_Initialize
		_EUSART_PrintString
		_PCD_Init
		_PCD_StopCrypto1
		_PICC_HaltA
		_PICC_IsNewCardPresent
		_PICC_ReadCardSerial
		_SYSTEM_Initialize
		_sprintf
 This function is called by:
		Startup code after reset
 This function uses a non-reentrant model


 *************** function _sprintf *****************
 Defined at:
		line 9 in file "C:\Program Files (x86)\Microchip\xc8\v2.00\pic\sources\c99\common\nf_sprintf.c"
 Parameters:    Size  Location     Type
  s               1    wreg     PTR unsigned char 
		 -> phrase(30), 
  fmt             2   70[BANK0 ] PTR const unsigned char 
		 -> STR_7(3), STR_6(5), STR_5(2), STR_4(2), 
		 -> STR_3(10), STR_2(21), STR_1(13), 
 Auto vars:     Size  Location     Type
  s               1    2[BANK1 ] PTR unsigned char 
		 -> phrase(30), 
  f               5    4[BANK1 ] struct _IO_FILE
  ret             2    0[BANK1 ] int 
  ap              1    3[BANK1 ] PTR void [1]
		 -> ?_sprintf(2), 
 Return value:  Size  Location     Type
                  2   70[BANK0 ] int 
 Registers used:
		wreg, fsr0l, fsr0h, fsr1l, fsr1h, status,2, status,0, pclath, cstack
 Tracked objects:
		On entry : 
		On exit  : 
		Unchanged: 
 Data sizes:     COMMON   BANK0   BANK1   BANK2   BANK3   BANK4   BANK5   BANK6   BANK7   BANK8   BANK9  BANK10  BANK11  BANK12
      Params:         0       4       0       0       0       0       0       0       0       0       0       0       0       0
      Locals:         0       0       9       0       0       0       0       0       0       0       0       0       0       0
      Temps:          0       1       0       0       0       0       0       0       0       0       0       0       0       0
      Totals:         0       5       9       0       0       0       0       0       0       0       0       0       0       0
Total ram usage:       14 bytes
 Hardware stack levels used:    1
 Hardware stack levels required when called:    7
 This function calls:
		_vfprintf
 This function is called by:
		_main
 This function uses a non-reentrant model


 *************** function _vfprintf *****************
 Defined at:
		line 1368 in file "C:\Program Files (x86)\Microchip\xc8\v2.00\pic\sources\c99\common\doprnt.c"
 Parameters:    Size  Location     Type
  fp              1    wreg     PTR struct _IO_FILE
		 -> sprintf@f(5), 
  fmt             2   62[BANK0 ] PTR const unsigned char 
		 -> STR_7(3), STR_6(5), STR_5(2), STR_4(2), 
		 -> STR_3(10), STR_2(21), STR_1(13), 
  ap              1   64[BANK0 ] PTR PTR void 
		 -> sprintf@ap(1), 
 Auto vars:     Size  Location     Type
  fp              1   67[BANK0 ] PTR struct _IO_FILE
		 -> sprintf@f(5), 
  cfmt            2   68[BANK0 ] PTR unsigned char 
		 -> STR_7(3), STR_6(5), STR_5(2), STR_4(2), 
		 -> STR_3(10), STR_2(21), STR_1(13), 
 Return value:  Size  Location     Type
                  2   62[BANK0 ] int 
 Registers used:
		wreg, fsr0l, fsr0h, fsr1l, fsr1h, status,2, status,0, pclath, cstack
 Tracked objects:
		On entry : 
		On exit  : 
		Unchanged: 
 Data sizes:     COMMON   BANK0   BANK1   BANK2   BANK3   BANK4   BANK5   BANK6   BANK7   BANK8   BANK9  BANK10  BANK11  BANK12
      Params:         0       3       0       0       0       0       0       0       0       0       0       0       0       0
      Locals:         0       3       0       0       0       0       0       0       0       0       0       0       0       0
      Temps:          0       2       0       0       0       0       0       0       0       0       0       0       0       0
      Totals:         0       8       0       0       0       0       0       0       0       0       0       0       0       0
Total ram usage:        8 bytes
 Hardware stack levels used:    1
 Hardware stack levels required when called:    6
 This function calls:
		_vfpfcnvrt
 This function is called by:
		_sprintf
 This function uses a non-reentrant model


 *************** function _vfpfcnvrt *****************
 Defined at:
		line 670 in file "C:\Program Files (x86)\Microchip\xc8\v2.00\pic\sources\c99\common\doprnt.c"
 Parameters:    Size  Location     Type
  fp              1    wreg     PTR struct _IO_FILE
		 -> sprintf@f(5), 
  fmt             1   40[BANK0 ] PTR PTR unsigned char 
		 -> vfprintf@cfmt(2), 
  ap              1   41[BANK0 ] PTR PTR void 
		 -> sprintf@ap(1), 
 Auto vars:     Size  Location     Type
  fp              1   61[BANK0 ] PTR struct _IO_FILE
		 -> sprintf@f(5), 
  llu             4   57[BANK0 ] unsigned long 
  f               4    0        unsigned long 
  ll              4    0        long 
  ct              3    0        unsigned char [3]
  done            2   51[BANK0 ] int 
  i               2    0        int 
  vp              1   50[BANK0 ] PTR void 
		 -> ?_sprintf(2), 
  cp              1   49[BANK0 ] PTR unsigned char 
		 -> ?_sprintf(2), 
  c               1   48[BANK0 ] unsigned char 
 Return value:  Size  Location     Type
                  2   40[BANK0 ] int 
 Registers used:
		wreg, fsr0l, fsr0h, fsr1l, fsr1h, status,2, status,0, pclath, cstack
 Tracked objects:
		On entry : 
		On exit  : 
		Unchanged: 
 Data sizes:     COMMON   BANK0   BANK1   BANK2   BANK3   BANK4   BANK5   BANK6   BANK7   BANK8   BANK9  BANK10  BANK11  BANK12
      Params:         0       2       0       0       0       0       0       0       0       0       0       0       0       0
      Locals:         0      14       0       0       0       0       0       0       0       0       0       0       0       0
      Temps:          0       6       0       0       0       0       0       0       0       0       0       0       0       0
[...]
      Params:         0       0       0       0       0       0       0       0       0       0       0       0       0       0
      Locals:         1       0       0       0       0       0       0       0       0       0       0       0       0       0
      Temps:          4       0       0       0       0       0       0       0       0       0       0       0       0       0
      Totals:         5       0       0       0       0       0       0       0       0       0       0       0       0       0
Total ram usage:        5 bytes
 Hardware stack levels used:    1
 Hardware stack levels required when called:    1
 This function calls:
		___wmul
 This function is called by:
		_PCD_Init
 This function uses a non-reentrant model


 *************** function ___wmul *****************
 Defined at:
		line 15 in file "C:\Program Files (x86)\Microchip\xc8\v2.00\pic\sources\c99\common\Umul16.c"
 Parameters:    Size  Location     Type
  multiplier      2    0[COMMON] unsigned int 
  multiplicand    2    2[COMMON] unsigned int 
 Auto vars:     Size  Location     Type
  product         2    4[COMMON] unsigned int 
 Return value:  Size  Location     Type
                  2    0[COMMON] unsigned int 
 Registers used:
		wreg, status,2, status,0
 Tracked objects:
		On entry : 
		On exit  : 
		Unchanged: 
 Data sizes:     COMMON   BANK0   BANK1   BANK2   BANK3   BANK4   BANK5   BANK6   BANK7   BANK8   BANK9  BANK10  BANK11  BANK12
      Params:         4       0       0       0       0       0       0       0       0       0       0       0       0       0
      Locals:         2       0       0       0       0       0       0       0       0       0       0       0       0       0
      Temps:          0       0       0       0       0       0       0       0       0       0       0       0       0       0
      Totals:         6       0       0       0       0       0       0       0       0       0       0       0       0       0
Total ram usage:        6 bytes
 Hardware stack levels used:    1
 This function calls:
		Nothing
 This function is called by:
		_spi_master_open
		_atoi
		_spi_slave_open
 This function uses a non-reentrant model


 *************** function _PCD_Reset *****************
 Defined at:
		line 156 in file "RC552.c"
 Parameters:    Size  Location     Type
		None
 Auto vars:     Size  Location     Type
  count           1    6[COMMON] unsigned char 
 Return value:  Size  Location     Type
                  1    wreg      void 
 Registers used:
		wreg, status,2, status,0, pclath, cstack
 Tracked objects:
		On entry : 
		On exit  : 
		Unchanged: 
 Data sizes:     COMMON   BANK0   BANK1   BANK2   BANK3   BANK4   BANK5   BANK6   BANK7   BANK8   BANK9  BANK10  BANK11  BANK12
      Params:         0       0       0       0       0       0       0       0       0       0       0       0       0       0
      Locals:         1       0       0       0       0       0       0       0       0       0       0       0       0       0
      Temps:          2       0       0       0       0       0       0       0       0       0       0       0       0       0
      Totals:         3       0       0       0       0       0       0       0       0       0       0       0       0       0
Total ram usage:        3 bytes
 Hardware stack levels used:    1
 Hardware stack levels required when called:    2
 This function calls:
		_PCD_ReadRegister
		_PCD_WriteRegister
 This function is called by:
		_PCD_Init
		_PCD_PerformSelfTest
 This function uses a non-reentrant model


 *************** function _PCD_AntennaOn *****************
 Defined at:
		line 168 in file "RC552.c"
 Parameters:    Size  Location     Type
		None
 Auto vars:     Size  Location     Type
  value           1    5[COMMON] unsigned char 
 Return value:  Size  Location     Type
                  1    wreg      void 
 Registers used:
		wreg, status,2, status,0, pclath, cstack
 Tracked objects:
		On entry : 
		On exit  : 
		Unchanged: 
 Data sizes:     COMMON   BANK0   BANK1   BANK2   BANK3   BANK4   BANK5   BANK6   BANK7   BANK8   BANK9  BANK10  BANK11  BANK12
      Params:         0       0       0       0       0       0       0       0       0       0       0       0       0       0
      Locals:         1       0       0       0       0       0       0       0       0       0       0       0       0       0
      Temps:          1       0       0       0       0       0       0       0       0       0       0       0       0       0
      Totals:         2       0       0       0       0       0       0       0       0       0       0       0       0       0
Total ram usage:        2 bytes
 Hardware stack levels used:    1
 Hardware stack levels required when called:    2
 This function calls:
		_PCD_ReadRegister
		_PCD_WriteRegister
 This function is called by:
		_PCD_Init
 This function uses a non-reentrant model


 *************** function _PCD_WriteRegister *****************
 Defined at:
		line 17 in file "RC552.c"
 Parameters:    Size  Location     Type
  addr            1    wreg     unsigned char 
  value           1    1[COMMON] unsigned char 
 Auto vars:     Size  Location     Type
  addr            1    3[COMMON] unsigned char 
 Return value:  Size  Location     Type
                  1    wreg      void 
 Registers used:
		wreg, status,2, status,0, pclath, cstack
 Tracked objects:
		On entry : 
		On exit  : 
		Unchanged: 
 Data sizes:     COMMON   BANK0   BANK1   BANK2   BANK3   BANK4   BANK5   BANK6   BANK7   BANK8   BANK9  BANK10  BANK11  BANK12
      Params:         1       0       0       0       0       0       0       0       0       0       0       0       0       0
      Locals:         1       0       0       0       0       0       0       0       0       0       0       0       0       0
      Temps:          1       0       0       0       0       0       0       0       0       0       0       0       0       0
      Totals:         3       0       0       0       0       0       0       0       0       0       0       0       0       0
Total ram usage:        3 bytes
 Hardware stack levels used:    1
 Hardware stack levels required when called:    1
 This function calls:
		_spi_exchangeByte
 This function is called by:
		_PCD_SetRegisterBitMask
		_PCD_ClearRegisterBitMask
		_PCD_CalculateCRC
		_PCD_Init
		_PCD_Reset
		_PCD_AntennaOn
		_PCD_CommunicateWithPICC
		_PICC_Select
		_PICC_IsNewCardPresent
		_PCD_PerformSelfTest
		_PCD_SoftPowerDown
		_PCD_SoftPowerUp
 This function uses a non-reentrant model


 *************** function _PCD_ReadRegister *****************
 Defined at:
		line 33 in file "RC552.c"
 Parameters:    Size  Location     Type
  addr            1    wreg     unsigned char 
 Auto vars:     Size  Location     Type
  addr            1    2[COMMON] unsigned char 
  value           1    3[COMMON] unsigned char 
 Return value:  Size  Location     Type
                  1    wreg      unsigned char 
 Registers used:
		wreg, status,2, status,0, pclath, cstack
 Tracked objects:
		On entry : 
		On exit  : 
		Unchanged: 
 Data sizes:     COMMON   BANK0   BANK1   BANK2   BANK3   BANK4   BANK5   BANK6   BANK7   BANK8   BANK9  BANK10  BANK11  BANK12
      Params:         0       0       0       0       0       0       0       0       0       0       0       0       0       0
      Locals:         2       0       0       0       0       0       0       0       0       0       0       0       0       0
      Temps:          1       0       0       0       0       0       0       0       0       0       0       0       0       0
      Totals:         3       0       0       0       0       0       0       0       0       0       0       0       0       0
Total ram usage:        3 bytes
 Hardware stack levels used:    1
 Hardware stack levels required when called:    1
 This function calls:
		_spi_exchangeByte
 This function is called by:
		_PCD_SetRegisterBitMask
		_PCD_ClearRegisterBitMask
		_PCD_CalculateCRC
		_PCD_Reset
		_PCD_AntennaOn
		_PCD_CommunicateWithPICC
		_PICC_Select
		_PCD_GetAntennaGain
		_PCD_PerformSelfTest
		_PCD_SoftPowerDown
		_PCD_SoftPowerUp
 This function uses a non-reentrant model


 *************** function _spi_exchangeByte *****************
 Defined at:
		line 89 in file "mcc_generated_files/spi_driver.c"
 Parameters:    Size  Location     Type
  b               1    wreg     unsigned char 
 Auto vars:     Size  Location     Type
  b               1    0[COMMON] unsigned char 
 Return value:  Size  Location     Type
                  1    wreg      unsigned char 
 Registers used:
		wreg
 Tracked objects:
		On entry : 
		On exit  : 
		Unchanged: 
 Data sizes:     COMMON   BANK0   BANK1   BANK2   BANK3   BANK4   BANK5   BANK6   BANK7   BANK8   BANK9  BANK10  BANK11  BANK12
      Params:         0       0       0       0       0       0       0       0       0       0       0       0       0       0
      Locals:         1       0       0       0       0       0       0       0       0       0       0       0       0       0
      Temps:          0       0       0       0       0       0       0       0       0       0       0       0       0       0
      Totals:         1       0       0       0       0       0       0       0       0       0       0       0       0       0
Total ram usage:        1 bytes
 Hardware stack levels used:    1
 This function calls:
		Nothing
 This function is called by:
		_PCD_WriteRegister
		_PCD_WriteRegisters
		_PCD_ReadRegister
		_PCD_ReadRegisters
		_spi_exchangeBlock
		_spi_writeBlock
		_spi_readBlock
 This function uses a non-reentrant model


 *************** function _EUSART_PrintString *****************
 Defined at:
		line 120 in file "mcc_generated_files/eusart.c"
 Parameters:    Size  Location     Type
  txBuffer        1    wreg     PTR unsigned char 
		 -> phrase(30), 
  txLength        1    6[COMMON] unsigned char 
 Auto vars:     Size  Location     Type
  txBuffer        1   10[COMMON] PTR unsigned char 
		 -> phrase(30), 
  aux             1    9[COMMON] unsigned char 
 Return value:  Size  Location     Type
                  1    wreg      void 
 Registers used:
		wreg, fsr1l, fsr1h, status,2, status,0, pclath, cstack
 Tracked objects:
		On entry : 
		On exit  : 
		Unchanged: 
 Data sizes:     COMMON   BANK0   BANK1   BANK2   BANK3   BANK4   BANK5   BANK6   BANK7   BANK8   BANK9  BANK10  BANK11  BANK12
      Params:         1       0       0       0       0       0       0       0       0       0       0       0       0       0
      Locals:         2       0       0       0       0       0       0       0       0       0       0       0       0       0
      Temps:          2       0       0       0       0       0       0       0       0       0       0       0       0       0
      Totals:         5       0       0       0       0       0       0       0       0       0       0       0       0       0
Total ram usage:        5 bytes
 Hardware stack levels used:    1
 Hardware stack levels required when called:    1
 This function calls:
		_EUSART_Write
		_strlen
 This function is called by:
		_main
 This function uses a non-reentrant model


 *************** function _strlen *****************
 Defined at:
		line 12 in file "C:\Program Files (x86)\Microchip\xc8\v2.00\pic\sources\c99\common\strlen.c"
 Parameters:    Size  Location     Type
  s               2    0[COMMON] PTR const unsigned char 
		 -> ?_sprintf(2), dbuf(32), stoa@nuls(7), phrase(30), 
 Auto vars:     Size  Location     Type
  a               2    4[COMMON] PTR const unsigned char 
		 -> ?_sprintf(2), dbuf(32), stoa@nuls(7), phrase(30), 
 Return value:  Size  Location     Type
                  2    0[COMMON] unsigned int 
 Registers used:
		wreg, fsr1l, fsr1h, status,2, status,0
 Tracked objects:
		On entry : 
		On exit  : 
		Unchanged: 
 Data sizes:     COMMON   BANK0   BANK1   BANK2   BANK3   BANK4   BANK5   BANK6   BANK7   BANK8   BANK9  BANK10  BANK11  BANK12
      Params:         2       0       0       0       0       0       0       0       0       0       0       0       0       0
      Locals:         2       0       0       0       0       0       0       0       0       0       0       0       0       0
      Temps:          2       0       0       0       0       0       0       0       0       0       0       0       0       0
      Totals:         6       0       0       0       0       0       0       0       0       0       0       0       0       0
Total ram usage:        6 bytes
 Hardware stack levels used:    1
 This function calls:
		Nothing
 This function is called by:
		_EUSART_PrintString
		_pad
		_stoa
 This function uses a non-reentrant model


 *************** function _EUSART_Write *****************
 Defined at:
		line 111 in file "mcc_generated_files/eusart.c"
 Parameters:    Size  Location     Type
  txData          1    0[COMMON] unsigned char 
 Auto vars:     Size  Location     Type
		None
 Return value:  Size  Location     Type
                  1    wreg      void 
 Registers used:
		wreg
 Tracked objects:
		On entry : 
		On exit  : 
		Unchanged: 
 Data sizes:     COMMON   BANK0   BANK1   BANK2   BANK3   BANK4   BANK5   BANK6   BANK7   BANK8   BANK9  BANK10  BANK11  BANK12
      Params:         1       0       0       0       0       0       0       0       0       0       0       0       0       0
      Locals:         0       0       0       0       0       0       0       0       0       0       0       0       0       0
      Temps:          0       0       0       0       0       0       0       0       0       0       0       0       0       0
      Totals:         1       0       0       0       0       0       0       0       0       0       0       0       0       0
Total ram usage:        1 bytes
 Hardware stack levels used:    1
 This function calls:
		Nothing
 This function is called by:
		_EUSART_PrintString
 This function uses a non-reentrant model



MODULE INFORMATION

Module		Function		Class		Link	Load	Size
C:\Program Files (x86)\Microchip\xc8\v2.00\pic\sources\c99\common\isspace.c
		_isspace       		CODE           	15FA	0000	36

C:\Program Files (x86)\Microchip\xc8\v2.00\pic\sources\c99\common\isspace.c estimated size: 36

C:\Program Files (x86)\Microchip\xc8\v2.00\pic\sources\c99\common\isalpha.c
		_isalpha       		CODE           	1596	0000	32

C:\Program Files (x86)\Microchip\xc8\v2.00\pic\sources\c99\common\isalpha.c estimated size: 32

C:\Program Files (x86)\Microchip\xc8\v2.00\pic\sources\c99\common\putch.c
		_putch         		CODE           	0801	0000	2

C:\Program Files (x86)\Microchip\xc8\v2.00\pic\sources\c99\common\putch.c estimated size: 2

C:\Program Files (x86)\Microchip\xc8\v2.00\pic\sources\c99\common\strlen.c
		_strlen        		CODE           	15D7	0000	36

C:\Program Files (x86)\Microchip\xc8\v2.00\pic\sources\c99\common\strlen.c estimated size: 36

mcc_generated_files/pin_manager.c
		_PIN_MANAGER_Initialize		CODE           	1796	0000	54

mcc_generated_files/pin_manager.c estimated size: 54

C:\Program Files (x86)\Microchip\xc8\v2.00\pic\sources\c99\common\nf_fputc.c
		_fputc         		CODE           	083B	0000	86

C:\Program Files (x86)\Microchip\xc8\v2.00\pic\sources\c99\common\nf_fputc.c estimated size: 86

mcc_generated_files/spi_driver.c
		_spi_master_open		CODE           	09AF	0000	107
		_spi_exchangeByte		CODE           	147C	0000	16

mcc_generated_files/spi_driver.c estimated size: 123

C:\Program Files (x86)\Microchip\xc8\v2.00\pic\sources\c99\common\nf_sprintf.c
		_sprintf       		CODE           	16FC	0000	51

C:\Program Files (x86)\Microchip\xc8\v2.00\pic\sources\c99\common\nf_sprintf.c estimated size: 51

C:\Program Files (x86)\Microchip\xc8\v2.00\pic\sources\c99\common\isdigit.c
		_isdigit       		CODE           	14FA	0000	26

C:\Program Files (x86)\Microchip\xc8\v2.00\pic\sources\c99\common\isdigit.c estimated size: 26

C:\Program Files (x86)\Microchip\xc8\v2.00\pic\sources\c99\common\doprnt.c
		_vfpfcnvrt     		CODE           	00F4	0000	843
		_pad           		CODE           	08E6	0000	97
		_vfprintf      		CODE           	17CB	0000	54
		_stoa          		CODE           	0C29	0000	226
		_xtoa          		CODE           	0D0A	0000	379

C:\Program Files (x86)\Microchip\xc8\v2.00\pic\sources\c99\common\doprnt.c estimated size: 1599

C:\Program Files (x86)\Microchip\xc8\v2.00\pic\sources\c99\common\awdiv.c
		___awdiv       		CODE           	0946	0000	106

C:\Program Files (x86)\Microchip\xc8\v2.00\pic\sources\c99\common\awdiv.c estimated size: 106

shared
		_uart          		STRCODE        	0000	0000	0
		_MFRC522_firmware_referenceV0_0		STRCODE        	1000	0000	65
		_MFRC522_firmware_referenceV1_0		STRCODE        	10D5	0000	65
		_MFRC522_firmware_referenceV2_0		STRCODE        	1095	0000	65
		__initialization		CODE           	07D8	0000	38
		_spi_configuration		STRCODE        	1828	0000	4
		_FM17522_firmware_reference		STRCODE        	1055	0000	65

shared estimated size: 302

mcc_generated_files/mcc.c
		_WDT_Initialize		CODE           	143E	0000	5
		_OSCILLATOR_Initialize		CODE           	148B	0000	16
		_SYSTEM_Initialize		CODE           	146F	0000	14

mcc_generated_files/mcc.c estimated size: 35

RC552.c
		_PCD_SetRegisterBitMask		CODE           	14BC	0000	19
		_PCD_Init      		CODE           	0AFD	0000	124
		_PICC_IsNewCardPresent		CODE           	0802	0000	58
		_PICC_ReadCardSerial		CODE           	14CE	0000	20
		_PCD_TransceiveData		CODE           	1674	0000	45
		_PCD_ReadRegister		CODE           	157A	0000	29
		_PCD_WriteRegister		CODE           	1545	0000	27
		_PICC_RequestA 		CODE           	149A	0000	17
		_PCD_AntennaOn 		CODE           	155F	0000	28
		_PCD_Reset     		CODE           	1648	0000	45
		_PCD_StopCrypto1		CODE           	144F	0000	10
		_PCD_ReadRegisters		CODE           	0A89	0000	117
		_PCD_CalculateCRC		CODE           	0A19	0000	113
		_PICC_Select   		CODE           	043E	0000	923
		_PCD_ClearRegisterBitMask		CODE           	14AA	0000	19
		_PCD_WriteRegisters		CODE           	16A0	0000	46
		_PICC_REQA_or_WUPA		CODE           	0890	0000	87
		_PCD_CommunicateWithPICC		CODE           	0E84	0000	381
		_PICC_HaltA    		CODE           	1761	0000	54

RC552.c estimated size: 2162

C:\Program Files (x86)\Microchip\xc8\v2.00\pic\sources\c99\common\Umul8.c
		___bmul        		CODE           	14E1	0000	26

C:\Program Files (x86)\Microchip\xc8\v2.00\pic\sources\c99\common\Umul8.c estimated size: 26

C:\Program Files (x86)\Microchip\xc8\v2.00\pic\sources\c99\common\atoi.c
		_atoi          		CODE           	000A	0000	235

C:\Program Files (x86)\Microchip\xc8\v2.00\pic\sources\c99\common\atoi.c estimated size: 235

C:\Program Files (x86)\Microchip\xc8\v2.00\pic\sources\c99\common\islower.c
		_islower       		CODE           	152C	0000	26

C:\Program Files (x86)\Microchip\xc8\v2.00\pic\sources\c99\common\islower.c estimated size: 26

mcc_generated_files/eusart.c
		_EUSART_Write  		CODE           	1458	0000	12
		_EUSART_Initialize		CODE           	1463	0000	13
		_EUSART_PrintString		CODE           	16CD	0000	48

mcc_generated_files/eusart.c estimated size: 73

C:\Program Files (x86)\Microchip\xc8\v2.00\pic\sources\c99\common\Umul16.c
		___wmul        		CODE           	15B5	0000	35

C:\Program Files (x86)\Microchip\xc8\v2.00\pic\sources\c99\common\Umul16.c estimated size: 35

main.c
		_main          		CODE           	0B78	0000	178

main.c estimated size: 178

C:\Program Files (x86)\Microchip\xc8\v2.00\pic\sources\c99\common\nf_fputs.c
		_fputs         		CODE           	161D	0000	44

C:\Program Files (x86)\Microchip\xc8\v2.00\pic\sources\c99\common\nf_fputs.c estimated size: 44

C:\Program Files (x86)\Microchip\xc8\v2.00\pic\sources\c99\common\isupper.c
		_isupper       		CODE           	1513	0000	26

C:\Program Files (x86)\Microchip\xc8\v2.00\pic\sources\c99\common\isupper.c estimated size: 26

C:\Program Files (x86)\Microchip\xc8\v2.00\pic\sources\c99\common\toupper.c
		_toupper       		CODE           	172E	0000	52

C:\Program Files (x86)\Microchip\xc8\v2.00\pic\sources\c99\common\toupper.c estimated size: 52

